// Jest Snapshot v1, https://goo.gl/fbAQLP

exports[`renders Calculator component 1`] = `
<div>
  <p
    className="bg-gray color-white text-right pr-1 height-16"
    style={
      Object {
        "fontFamily": "Seven Segment",
        "fontSize": "3em",
        "marginBlockEnd": "0em",
        "marginBlockStart": "0.4em",
      }
    }
  >
    0
  </p>
  <div
    className="grid grid-cols-4 height-83"
  >
    <button
      className="bg-gray-eo"
      onClick={[Function]}
      type="button"
      value="AC"
    >
      AC
    </button>
    <button
      className="bg-gray-eo"
      onClick={[Function]}
      type="button"
      value="+/-"
    >
      +/-
    </button>
    <button
      className="bg-gray-eo"
      onClick={[Function]}
      type="button"
      value="%"
    >
      %
    </button>
    <button
      className="bg-orange"
      onClick={[Function]}
      type="button"
      value="รท"
    >
      รท
    </button>
    <button
      className="bg-gray-eo"
      onClick={[Function]}
      type="button"
      value="7"
    >
      7
    </button>
    <button
      className="bg-gray-eo"
      onClick={[Function]}
      type="button"
      value="8"
    >
      8
    </button>
    <button
      className="bg-gray-eo"
      onClick={[Function]}
      type="button"
      value="9"
    >
      9
    </button>
    <button
      className="bg-orange"
      onClick={[Function]}
      type="button"
      value="x"
    >
      x
    </button>
    <button
      className="bg-gray-eo"
      onClick={[Function]}
      type="button"
      value="4"
    >
      4
    </button>
    <button
      className="bg-gray-eo"
      onClick={[Function]}
      type="button"
      value="5"
    >
      5
    </button>
    <button
      className="bg-gray-eo"
      onClick={[Function]}
      type="button"
      value="6"
    >
      6
    </button>
    <button
      className="bg-orange"
      onClick={[Function]}
      type="button"
      value="-"
    >
      -
    </button>
    <button
      className="bg-gray-eo"
      onClick={[Function]}
      type="button"
      value="1"
    >
      1
    </button>
    <button
      className="bg-gray-eo"
      onClick={[Function]}
      type="button"
      value="2"
    >
      2
    </button>
    <button
      className="bg-gray-eo"
      onClick={[Function]}
      type="button"
      value="3"
    >
      3
    </button>
    <button
      className="bg-orange"
      onClick={[Function]}
      type="button"
      value="+"
    >
      +
    </button>
    <button
      className="bg-gray-eo col-span-2"
      onClick={[Function]}
      type="button"
      value="0"
    >
      0
    </button>
    <button
      className="bg-gray-eo"
      onClick={[Function]}
      type="button"
      value="."
    >
      .
    </button>
    <button
      className="bg-orange"
      onClick={[Function]}
      type="button"
      value="="
    >
      =
    </button>
  </div>
</div>
`;
